// Jest Snapshot v1, https://goo.gl/fbAQLP

exports[`Pruebas en el componente navBar Debe de mostrar el componente correctament 1`] = `
<div>
  <nav class="navbar bg-primary"><a href="" class="navbar-brand text-white"><img src="" alt="vue logo" class="d-inline-block align-text-top mx-2" height="24"> Juan Carlos</a>
    <div class="d-flex"><button class="btn btn-outline-info mx-2"><i class="fa fa-sign-out-alt"></i></button></div>
  </nav>
</div>
`;
